// Jest Snapshot v1, https://goo.gl/fbAQLP

exports[`renders Footer 1`] = `ShallowWrapper {}`;
