// Jest Snapshot v1, https://goo.gl/fbAQLP

exports[`renders Layout 1`] = `ShallowWrapper {}`;
