// Jest Snapshot v1, https://goo.gl/fbAQLP

exports[`renders FeaturesList 1`] = `ShallowWrapper {}`;
